2025-08-11 16:05:40.605 10086-10126 Camera2CameraControlImp com...ple.cameraximageanalysisframe  D  setActive: isActive = false
2025-08-11 16:05:40.605 10086-10126 UseCaseAttachState      com...ple.cameraximageanalysisframe  D  Active and attached use case: [] for camera: 0
2025-08-11 16:05:40.606 10086-10126 UseCaseAttachState      com...ple.cameraximageanalysisframe  D  Active and attached use case: [] for camera: 0
2025-08-11 16:05:40.607 10086-10126 VideoUsageControl       com...ple.cameraximageanalysisframe  D  resetDirectly: mVideoUsage reset!
2025-08-11 16:05:40.611 10086-10126 Camera2CameraImpl       com...ple.cameraximageanalysisframe  D  {Camera@a51511d[id=0]} Closing camera.
2025-08-11 16:05:40.611 10086-10126 Camera2CameraImpl       com...ple.cameraximageanalysisframe  D  {Camera@a51511d[id=0]} Transitioning camera internal state: OPENED --> CLOSING
2025-08-11 16:05:40.614 10086-10126 CameraStateRegistry     com...ple.cameraximageanalysisframe  D  Recalculating open cameras:
                                                                                                    Camera                                       State                 
                                                                                                    -------------------------------------------------------------------
                                                                                                    Camera@41812de[id=1]                         UNKNOWN               
                                                                                                    Camera@a51511d[id=0]                         CLOSING               
                                                                                                    -------------------------------------------------------------------
                                                                                                    Open count: 1 (Max allowed: 1)
2025-08-11 16:05:40.614 10086-10126 CameraStateMachine      com...ple.cameraximageanalysisframe  D  New public camera state CameraState{type=CLOSING, error=null} from CLOSING and null
2025-08-11 16:05:40.614 10086-10126 CameraStateMachine      com...ple.cameraximageanalysisframe  D  Publishing new public camera state CameraState{type=CLOSING, error=null}
2025-08-11 16:05:40.614 10086-10126 Camera2CameraImpl       com...ple.cameraximageanalysisframe  D  {Camera@a51511d[id=0]} Resetting Capture Session
2025-08-11 16:05:40.621 10086-10126 Camera2CameraImpl       com...ple.cameraximageanalysisframe  D  {Camera@a51511d[id=0]} Skipping Capture Session state check due to current camera state: CLOSING and previous session status: false
2025-08-11 16:05:40.622 10086-10126 Camera2CameraImpl       com...ple.cameraximageanalysisframe  D  {Camera@a51511d[id=0]} Releasing session in state CLOSING
2025-08-11 16:05:40.622 10086-10126 SyncCaptureSessionImpl  com...ple.cameraximageanalysisframe  D  [androidx.camera.camera2.internal.SynchronizedCaptureSessionImpl@6a41540] Session call super.close()
2025-08-11 16:05:40.624 10086-10126 UseCaseAttachState      com...ple.cameraximageanalysisframe  D  Active and attached use case: [] for camera: 0
2025-08-11 16:05:40.626 10086-10086 DynamicRangeResolver    com...ple.cameraximageanalysisframe  D  Resolved dynamic range for use case androidx.camera.core.Preview-1d2b3106-36a2-41bc-a23e-50c84d58b800 to no compatible HDR dynamic ranges.
                                                                                                    DynamicRange@45ea69f{encoding=UNSPECIFIED, bitDepth=0}
                                                                                                    ->
                                                                                                    DynamicRange@3aa583e{encoding=SDR, bitDepth=8}
2025-08-11 16:05:40.626 10086-10126 CaptureSession          com...ple.cameraximageanalysisframe  D  onSessionFinished()
2025-08-11 16:05:40.627 10086-10126 Camera2CameraImpl       com...ple.cameraximageanalysisframe  D  {Camera@a51511d[id=0]} closing camera
2025-08-11 16:05:40.629 10086-10086 CameraQuirks            com...ple.cameraximageanalysisframe  D  camera2 CameraQuirks = 
2025-08-11 16:05:40.630 10086-10086 CameraQuirks            com...ple.cameraximageanalysisframe  D  camera2 CameraQuirks = 
2025-08-11 16:05:40.635 10086-10086 DeferrableSurface       com...ple.cameraximageanalysisframe  D  Surface created[total_surfaces=3, used_surfaces=2](androidx.camera.core.processing.SurfaceEdge$SettableSurface@cc32178}
2025-08-11 16:05:40.637 10086-10086 DeferrableSurface       com...ple.cameraximageanalysisframe  D  Surface created[total_surfaces=4, used_surfaces=2](androidx.camera.core.SurfaceRequest$2@5c4dd24}
2025-08-11 16:05:40.639 10086-10086 DeferrableSurface       com...ple.cameraximageanalysisframe  D  New surface in use[total_surfaces=4, used_surfaces=3](androidx.camera.core.SurfaceRequest$2@5c4dd24}
2025-08-11 16:05:40.639 10086-10086 DeferrableSurface       com...ple.cameraximageanalysisframe  D  use count+1, useCount=1 androidx.camera.core.SurfaceRequest$2@5c4dd24
2025-08-11 16:05:40.647 10086-10086 DeferrableSurface       com...ple.cameraximageanalysisframe  D  Surface created[total_surfaces=5, used_surfaces=3](androidx.camera.core.impl.ImmediateSurface@b696889}
2025-08-11 16:05:40.650 10086-10086 TEST                    com...ple.cameraximageanalysisframe  D  Bound camera with preview + analysis
2025-08-11 16:05:40.669 10086-10086 PreviewView             com...ple.cameraximageanalysisframe  D  Surface requested by Preview.
2025-08-11 16:05:40.688 10086-10086 TextureViewImpl         com...ple.cameraximageanalysisframe  D  SurfaceTexture available. Size: 1600x1200
2025-08-11 16:05:40.688 10086-10086 TextureViewImpl         com...ple.cameraximageanalysisframe  D  Surface set on Preview.
2025-08-11 16:05:40.696 10086-10086 StreamStateObserver     com...ple.cameraximageanalysisframe  D  Update Preview stream state to IDLE
2025-08-11 16:05:40.697 10086-10086 PreviewView             com...ple.cameraximageanalysisframe  D  Preview transformation info updated. TransformationInfo{getCropRect=Rect(0, 0 - 1600, 1200), getRotationDegrees=90, getTargetRotation=-1, hasCameraTransform=true, getSensorToBufferTransform=Matrix{[0.3968254, 0.0, -3.1746032][0.0, 0.3968254, -3.1746032][0.0, 0.0, 1.0]}, isMirroring=false}
2025-08-11 16:05:40.698 10086-10086 PreviewTransform        com...ple.cameraximageanalysisframe  D  Transformation info set: TransformationInfo{getCropRect=Rect(0, 0 - 1600, 1200), getRotationDegrees=90, getTargetRotation=-1, hasCameraTransform=true, getSensorToBufferTransform=Matrix{[0.3968254, 0.0, -3.1746032][0.0, 0.3968254, -3.1746032][0.0, 0.0, 1.0]}, isMirroring=false} 1600x1200 false
2025-08-11 16:05:40.707 10086-10086 StreamStateObserver     com...ple.cameraximageanalysisframe  D  Update Preview stream state to IDLE
2025-08-11 16:05:41.099 10086-10086 Binder:10086_6          com...ple.cameraximageanalysisframe  W  type=1400 audit(0.0:27997): avc: denied { read } for name="u:object_r:persist_camera_prop:s0" dev="tmpfs" ino=11888 scontext=u:r:untrusted_app:s0:c247,c256,c512,c768 tcontext=u:object_r:persist_camera_prop:s0 tclass=file permissive=0
2025-08-11 16:05:41.105 10086-10400 libc                    com...ple.cameraximageanalysisframe  E  Access denied finding property "vendor.camera.aux.packagelist"
2025-08-11 16:05:41.109 10086-10086 Binder:10086_6          com...ple.cameraximageanalysisframe  W  type=1400 audit(0.0:28000): avc: denied { read } for name="u:object_r:persist_camera_prop:s0" dev="tmpfs" ino=11888 scontext=u:r:untrusted_app:s0:c247,c256,c512,c768 tcontext=u:object_r:persist_camera_prop:s0 tclass=file permissive=0
2025-08-11 16:05:41.116 10086-10400 libc                    com...ple.cameraximageanalysisframe  E  Access denied finding property "vendor.camera.aux.packagelist"
2025-08-11 16:05:41.122 10086-10126 Camera2CameraImpl       com...ple.cameraximageanalysisframe  D  {Camera@a51511d[id=0]} Use case androidx.camera.core.Preview-1d2b3106-36a2-41bc-a23e-50c84d58b800185510499 ACTIVE
2025-08-11 16:05:41.124 10086-10126 UseCaseAttachState      com...ple.cameraximageanalysisframe  D  Active and attached use case: [] for camera: 0
2025-08-11 16:05:41.127 10086-10126 Camera2CameraImpl       com...ple.cameraximageanalysisframe  D  {Camera@a51511d[id=0]} Use case androidx.camera.core.ImageAnalysis-86343b9d-84ef-4b7e-aec3-3cf7b833c84f146466400 ACTIVE
2025-08-11 16:05:41.133 10086-10126 UseCaseAttachState      com...ple.cameraximageanalysisframe  D  Active and attached use case: [] for camera: 0
2025-08-11 16:05:41.136 10086-10126 Camera2CameraImpl       com...ple.cameraximageanalysisframe  D  {Camera@a51511d[id=0]} Use cases [androidx.camera.core.Preview-1d2b3106-36a2-41bc-a23e-50c84d58b800185510499, androidx.camera.core.ImageAnalysis-86343b9d-84ef-4b7e-aec3-3cf7b833c84f146466400] now ATTACHED
2025-08-11 16:05:41.136 10086-10126 Camera2CameraControlImp com...ple.cameraximageanalysisframe  D  setActive: isActive = true
2025-08-11 16:05:41.140 10086-10126 UseCaseAttachState      com...ple.cameraximageanalysisframe  D  All use case: [androidx.camera.core.Preview-1d2b3106-36a2-41bc-a23e-50c84d58b800185510499, androidx.camera.core.ImageAnalysis-86343b9d-84ef-4b7e-aec3-3cf7b833c84f146466400] for camera: 0
2025-08-11 16:05:41.143 10086-10126 UseCaseAttachState      com...ple.cameraximageanalysisframe  D  Active and attached use case: [androidx.camera.core.Preview-1d2b3106-36a2-41bc-a23e-50c84d58b800185510499, androidx.camera.core.ImageAnalysis-86343b9d-84ef-4b7e-aec3-3cf7b833c84f146466400] for camera: 0
2025-08-11 16:05:41.146 10086-10126 Camera2CameraImpl       com...ple.cameraximageanalysisframe  D  {Camera@a51511d[id=0]} Resetting Capture Session
2025-08-11 16:05:41.147 10086-10126 Camera2CameraImpl       com...ple.cameraximageanalysisframe  D  {Camera@a51511d[id=0]} Skipping Capture Session state check due to current camera state: CLOSING and previous session status: false
2025-08-11 16:05:41.147 10086-10126 Camera2CameraImpl       com...ple.cameraximageanalysisframe  D  {Camera@a51511d[id=0]} Releasing session in state CLOSING
2025-08-11 16:05:41.148 10086-10126 Camera2CameraImpl       com...ple.cameraximageanalysisframe  D  {Camera@a51511d[id=0]} Transitioning camera internal state: CLOSING --> REOPENING
2025-08-11 16:05:41.149 10086-10126 CameraStateRegistry     com...ple.cameraximageanalysisframe  D  Recalculating open cameras:
                                                                                                    Camera                                       State                 
                                                                                                    -------------------------------------------------------------------
                                                                                                    Camera@41812de[id=1]                         UNKNOWN               
                                                                                                    Camera@a51511d[id=0]                         OPENING               
                                                                                                    -------------------------------------------------------------------
                                                                                                    Open count: 1 (Max allowed: 1)
2025-08-11 16:05:41.149 10086-10126 CameraStateMachine      com...ple.cameraximageanalysisframe  D  New public camera state CameraState{type=OPENING, error=null} from OPENING and null
2025-08-11 16:05:41.149 10086-10126 CameraStateMachine      com...ple.cameraximageanalysisframe  D  Publishing new public camera state CameraState{type=OPENING, error=null}
2025-08-11 16:05:41.150 10086-10126 Camera2CameraImpl       com...ple.cameraximageanalysisframe  D  {Camera@a51511d[id=0]} Use case androidx.camera.core.Preview-1d2b3106-36a2-41bc-a23e-50c84d58b800185510499 ACTIVE
2025-08-11 16:05:41.151 10086-10126 UseCaseAttachState      com...ple.cameraximageanalysisframe  D  Active and attached use case: [androidx.camera.core.Preview-1d2b3106-36a2-41bc-a23e-50c84d58b800185510499, androidx.camera.core.ImageAnalysis-86343b9d-84ef-4b7e-aec3-3cf7b833c84f146466400] for camera: 0
2025-08-11 16:05:41.153 10086-10126 Camera2CameraImpl       com...ple.cameraximageanalysisframe  D  {Camera@a51511d[id=0]} Use case androidx.camera.core.ImageAnalysis-86343b9d-84ef-4b7e-aec3-3cf7b833c84f146466400 ACTIVE
2025-08-11 16:05:41.154 10086-10126 UseCaseAttachState      com...ple.cameraximageanalysisframe  D  Active and attached use case: [androidx.camera.core.Preview-1d2b3106-36a2-41bc-a23e-50c84d58b800185510499, androidx.camera.core.ImageAnalysis-86343b9d-84ef-4b7e-aec3-3cf7b833c84f146466400] for camera: 0
2025-08-11 16:05:41.155 10086-10126 DeferrableSurface       com...ple.cameraximageanalysisframe  D  use count-1,  useCount=0 closed=true androidx.camera.core.SurfaceRequest$2@7a080ba
2025-08-11 16:05:41.155 10086-10126 DeferrableSurface       com...ple.cameraximageanalysisframe  D  Surface no longer in use[total_surfaces=5, used_surfaces=2](androidx.camera.core.SurfaceRequest$2@7a080ba}
2025-08-11 16:05:41.156 10086-10126 DeferrableSurface       com...ple.cameraximageanalysisframe  D  Surface terminated[total_surfaces=4, used_surfaces=2](androidx.camera.core.SurfaceRequest$2@7a080ba}
2025-08-11 16:05:41.156 10086-10126 DeferrableSurface       com...ple.cameraximageanalysisframe  D  use count-1,  useCount=0 closed=true androidx.camera.core.impl.ImmediateSurface@6179347
2025-08-11 16:05:41.156 10086-10086 TextureViewImpl         com...ple.cameraximageanalysisframe  D  Safe to release surface.
2025-08-11 16:05:41.156 10086-10126 DeferrableSurface       com...ple.cameraximageanalysisframe  D  Surface no longer in use[total_surfaces=4, used_surfaces=1](androidx.camera.core.impl.ImmediateSurface@6179347}
2025-08-11 16:05:41.156 10086-10126 DeferrableSurface       com...ple.cameraximageanalysisframe  D  Surface terminated[total_surfaces=3, used_surfaces=1](androidx.camera.core.impl.ImmediateSurface@6179347}
2025-08-11 16:05:41.156 10086-10126 Camera2CameraImpl       com...ple.cameraximageanalysisframe  D  {Camera@a51511d[id=0]} CameraDevice.onClosed()
2025-08-11 16:05:41.157 10086-10086 TextureViewImpl         com...ple.cameraximageanalysisframe  D  SurfaceTexture about to manually be destroyed
2025-08-11 16:05:41.157 10086-10126 Camera2CameraImpl       com...ple.cameraximageanalysisframe  D  {Camera@a51511d[id=0]} Attempting to open the camera.
2025-08-11 16:05:41.157 10086-10126 CameraStateRegistry     com...ple.cameraximageanalysisframe  D  tryOpenCamera(Camera@a51511d[id=0]) [Available Cameras: 0, Already Open: true (Previous state: OPENING)] --> SUCCESS
2025-08-11 16:05:41.158 10086-10126 CameraStateRegistry     com...ple.cameraximageanalysisframe  D  Recalculating open cameras:
                                                                                                    Camera                                       State                 
                                                                                                    -------------------------------------------------------------------
                                                                                                    Camera@41812de[id=1]                         UNKNOWN               
                                                                                                    Camera@a51511d[id=0]                         OPENING               
                                                                                                    -------------------------------------------------------------------
                                                                                                    Open count: 1 (Max allowed: 1)
2025-08-11 16:05:41.159 10086-10126 Camera2CameraImpl       com...ple.cameraximageanalysisframe  D  {Camera@a51511d[id=0]} Opening camera.
2025-08-11 16:05:41.159 10086-10126 Camera2CameraImpl       com...ple.cameraximageanalysisframe  D  {Camera@a51511d[id=0]} Transitioning camera internal state: REOPENING --> OPENING
2025-08-11 16:05:41.159 10086-10126 CameraStateMachine      com...ple.cameraximageanalysisframe  D  New public camera state CameraState{type=OPENING, error=null} from OPENING and null
2025-08-11 16:05:41.161 10086-10126 UseCaseAttachState      com...ple.cameraximageanalysisframe  D  All use case: [androidx.camera.core.Preview-1d2b3106-36a2-41bc-a23e-50c84d58b800185510499, androidx.camera.core.ImageAnalysis-86343b9d-84ef-4b7e-aec3-3cf7b833c84f146466400] for camera: 0
2025-08-11 16:05:41.164 10086-10126 libc                    com...ple.cameraximageanalysisframe  E  Access denied finding property "persist.vendor.camera.privapp.list"
2025-08-11 16:05:41.159 10086-10086 CameraX-core_ca         com...ple.cameraximageanalysisframe  W  type=1400 audit(0.0:28001): avc: denied { read } for name="u:object_r:persist_camera_prop:s0" dev="tmpfs" ino=11888 scontext=u:r:untrusted_app:s0:c247,c256,c512,c768 tcontext=u:object_r:persist_camera_prop:s0 tclass=file permissive=0
2025-08-11 16:05:41.169 10086-10106 libc                    com...ple.cameraximageanalysisframe  E  Access denied finding property "vendor.camera.aux.packagelist"
2025-08-11 16:05:41.169 10086-10106 libc                    com...ple.cameraximageanalysisframe  E  Access denied finding property "vendor.camera.aux.packagelist"
2025-08-11 16:05:41.199 10086-10126 SyncCaptureSessionImpl  com...ple.cameraximageanalysisframe  D  [androidx.camera.camera2.internal.SynchronizedCaptureSessionImpl@6a41540] onClosed()
2025-08-11 16:05:41.200 10086-10126 Camera2CameraImpl       com...ple.cameraximageanalysisframe  D  {Camera@a51511d[id=0]} CameraDevice.onOpened()
2025-08-11 16:05:41.200 10086-10126 Camera2CameraImpl       com...ple.cameraximageanalysisframe  D  {Camera@a51511d[id=0]} Transitioning camera internal state: OPENING --> OPENED
2025-08-11 16:05:41.201 10086-10126 CameraStateRegistry     com...ple.cameraximageanalysisframe  D  Recalculating open cameras:
                                                                                                    Camera                                       State                 
                                                                                                    -------------------------------------------------------------------
                                                                                                    Camera@41812de[id=1]                         UNKNOWN               
                                                                                                    Camera@a51511d[id=0]                         OPEN                  
                                                                                                    -------------------------------------------------------------------
                                                                                                    Open count: 1 (Max allowed: 1)
2025-08-11 16:05:41.201 10086-10126 CameraStateMachine      com...ple.cameraximageanalysisframe  D  New public camera state CameraState{type=OPEN, error=null} from OPEN and null
2025-08-11 16:05:41.201 10086-10126 CameraStateMachine      com...ple.cameraximageanalysisframe  D  Publishing new public camera state CameraState{type=OPEN, error=null}
2025-08-11 16:05:41.202 10086-10126 UseCaseAttachState      com...ple.cameraximageanalysisframe  D  All use case: [androidx.camera.core.Preview-1d2b3106-36a2-41bc-a23e-50c84d58b800185510499, androidx.camera.core.ImageAnalysis-86343b9d-84ef-4b7e-aec3-3cf7b833c84f146466400] for camera: 0
2025-08-11 16:05:41.204 10086-10126 UseCaseAttachState      com...ple.cameraximageanalysisframe  D  Active and attached use case: [androidx.camera.core.Preview-1d2b3106-36a2-41bc-a23e-50c84d58b800185510499, androidx.camera.core.ImageAnalysis-86343b9d-84ef-4b7e-aec3-3cf7b833c84f146466400] for camera: 0
2025-08-11 16:05:41.206 10086-10126 SyncCaptureSessionBase  com...ple.cameraximageanalysisframe  D  [androidx.camera.camera2.internal.SynchronizedCaptureSessionImpl@8cb5afa] getSurface done with results: [Surface(name=android.graphics.SurfaceTexture@d089fc1)/@0x6a1b6a7, Surface(name=null)/@0xbe00925]
2025-08-11 16:05:41.206 10086-10126 CaptureSession          com...ple.cameraximageanalysisframe  D  Opening capture session.
2025-08-11 16:05:41.207 10086-10126 Camera2Cap...estBuilder com...ple.cameraximageanalysisframe  D  template type = 1
2025-08-11 16:05:41.209 10086-10126 SyncCaptureSessionImpl  com...ple.cameraximageanalysisframe  D  [androidx.camera.camera2.internal.SynchronizedCaptureSessionImpl@8cb5afa] start openCaptureSession
2025-08-11 16:05:41.209 10086-10126 DeferrableSurface       com...ple.cameraximageanalysisframe  D  use count+1, useCount=2 androidx.camera.core.SurfaceRequest$2@5c4dd24
2025-08-11 16:05:41.209 10086-10126 DeferrableSurface       com...ple.cameraximageanalysisframe  D  New surface in use[total_surfaces=3, used_surfaces=2](androidx.camera.core.impl.ImmediateSurface@b696889}
2025-08-11 16:05:41.209 10086-10126 DeferrableSurface       com...ple.cameraximageanalysisframe  D  use count+1, useCount=1 androidx.camera.core.impl.ImmediateSurface@b696889
2025-08-11 16:05:41.220 10086-10126 SyncCaptureSessionImpl  com...ple.cameraximageanalysisframe  D  [androidx.camera.camera2.internal.SynchronizedCaptureSessionImpl@8cb5afa] Session onConfigured()
2025-08-11 16:05:41.220 10086-10126 CaptureSession          com...ple.cameraximageanalysisframe  D  Attempting to send capture request onConfigured
2025-08-11 16:05:41.220 10086-10126 CaptureSession          com...ple.cameraximageanalysisframe  D  Issuing request for session.
2025-08-11 16:05:41.220 10086-10126 Camera2Cap...estBuilder com...ple.cameraximageanalysisframe  D  createCaptureRequest
2025-08-11 16:05:41.223 10086-10126 CaptureSession          com...ple.cameraximageanalysisframe  D  CameraCaptureSession.onConfigured() mState=OPENED
2025-08-11 16:05:41.223 10086-10126 CaptureSession          com...ple.cameraximageanalysisframe  D  CameraCaptureSession.onReady() OPENED
2025-08-11 16:05:41.474 10086-10086 StreamStateObserver     com...ple.cameraximageanalysisframe  D  Update Preview stream state to STREAMING

